Archive member included because of file (symbol)

c:/program files/gnu tools arm embedded/4.7 2012q4/bin/../lib/gcc/arm-none-eabi/4.7.3/../../../../arm-none-eabi/lib\libc_s.a(lib_a-__atexit2.o)
                              c:/program files/gnu tools arm embedded/4.7 2012q4/bin/../lib/gcc/arm-none-eabi/4.7.3/../../../../arm-none-eabi/lib/crt0.o (__register_exitproc)
c:/program files/gnu tools arm embedded/4.7 2012q4/bin/../lib/gcc/arm-none-eabi/4.7.3/../../../../arm-none-eabi/lib\libc_s.a(lib_a-exit.o)
                              c:/program files/gnu tools arm embedded/4.7 2012q4/bin/../lib/gcc/arm-none-eabi/4.7.3/../../../../arm-none-eabi/lib/crt0.o (exit)
c:/program files/gnu tools arm embedded/4.7 2012q4/bin/../lib/gcc/arm-none-eabi/4.7.3/../../../../arm-none-eabi/lib\libc_s.a(lib_a-fini.o)
                              c:/program files/gnu tools arm embedded/4.7 2012q4/bin/../lib/gcc/arm-none-eabi/4.7.3/../../../../arm-none-eabi/lib/crt0.o (__libc_fini_array)
c:/program files/gnu tools arm embedded/4.7 2012q4/bin/../lib/gcc/arm-none-eabi/4.7.3/../../../../arm-none-eabi/lib\libc_s.a(lib_a-impure.o)
                              c:/program files/gnu tools arm embedded/4.7 2012q4/bin/../lib/gcc/arm-none-eabi/4.7.3/../../../../arm-none-eabi/lib\libc_s.a(lib_a-exit.o) (_global_impure_ptr)
c:/program files/gnu tools arm embedded/4.7 2012q4/bin/../lib/gcc/arm-none-eabi/4.7.3/../../../../arm-none-eabi/lib\libc_s.a(lib_a-init.o)
                              c:/program files/gnu tools arm embedded/4.7 2012q4/bin/../lib/gcc/arm-none-eabi/4.7.3/../../../../arm-none-eabi/lib/crt0.o (__libc_init_array)
c:/program files/gnu tools arm embedded/4.7 2012q4/bin/../lib/gcc/arm-none-eabi/4.7.3/../../../../arm-none-eabi/lib\libc_s.a(lib_a-memset.o)
                              c:/program files/gnu tools arm embedded/4.7 2012q4/bin/../lib/gcc/arm-none-eabi/4.7.3/../../../../arm-none-eabi/lib/crt0.o (memset)

Discarded input sections

 .text          0x00000000        0x0 c:/program files/gnu tools arm embedded/4.7 2012q4/bin/../lib/gcc/arm-none-eabi/4.7.3/crti.o
 .data          0x00000000        0x0 c:/program files/gnu tools arm embedded/4.7 2012q4/bin/../lib/gcc/arm-none-eabi/4.7.3/crti.o
 .bss           0x00000000        0x0 c:/program files/gnu tools arm embedded/4.7 2012q4/bin/../lib/gcc/arm-none-eabi/4.7.3/crti.o
 .init          0x00000000        0xc c:/program files/gnu tools arm embedded/4.7 2012q4/bin/../lib/gcc/arm-none-eabi/4.7.3/crti.o
 .fini          0x00000000        0xc c:/program files/gnu tools arm embedded/4.7 2012q4/bin/../lib/gcc/arm-none-eabi/4.7.3/crti.o
 .ARM.attributes
                0x00000000       0x16 c:/program files/gnu tools arm embedded/4.7 2012q4/bin/../lib/gcc/arm-none-eabi/4.7.3/crti.o
 .text          0x00000000       0x94 c:/program files/gnu tools arm embedded/4.7 2012q4/bin/../lib/gcc/arm-none-eabi/4.7.3/crtbegin.o
 .data          0x00000000        0x4 c:/program files/gnu tools arm embedded/4.7 2012q4/bin/../lib/gcc/arm-none-eabi/4.7.3/crtbegin.o
 .bss           0x00000000       0x1c c:/program files/gnu tools arm embedded/4.7 2012q4/bin/../lib/gcc/arm-none-eabi/4.7.3/crtbegin.o
 .init_array    0x00000000        0x4 c:/program files/gnu tools arm embedded/4.7 2012q4/bin/../lib/gcc/arm-none-eabi/4.7.3/crtbegin.o
 .fini_array    0x00000000        0x4 c:/program files/gnu tools arm embedded/4.7 2012q4/bin/../lib/gcc/arm-none-eabi/4.7.3/crtbegin.o
 .eh_frame      0x00000000        0x0 c:/program files/gnu tools arm embedded/4.7 2012q4/bin/../lib/gcc/arm-none-eabi/4.7.3/crtbegin.o
 .jcr           0x00000000        0x0 c:/program files/gnu tools arm embedded/4.7 2012q4/bin/../lib/gcc/arm-none-eabi/4.7.3/crtbegin.o
 .ARM.attributes
                0x00000000       0x30 c:/program files/gnu tools arm embedded/4.7 2012q4/bin/../lib/gcc/arm-none-eabi/4.7.3/crtbegin.o
 .text          0x00000000      0x110 c:/program files/gnu tools arm embedded/4.7 2012q4/bin/../lib/gcc/arm-none-eabi/4.7.3/../../../../arm-none-eabi/lib/crt0.o
 .data          0x00000000        0x0 c:/program files/gnu tools arm embedded/4.7 2012q4/bin/../lib/gcc/arm-none-eabi/4.7.3/../../../../arm-none-eabi/lib/crt0.o
 .bss           0x00000000        0x0 c:/program files/gnu tools arm embedded/4.7 2012q4/bin/../lib/gcc/arm-none-eabi/4.7.3/../../../../arm-none-eabi/lib/crt0.o
 .ARM.extab     0x00000000        0x0 c:/program files/gnu tools arm embedded/4.7 2012q4/bin/../lib/gcc/arm-none-eabi/4.7.3/../../../../arm-none-eabi/lib/crt0.o
 .ARM.exidx     0x00000000        0x8 c:/program files/gnu tools arm embedded/4.7 2012q4/bin/../lib/gcc/arm-none-eabi/4.7.3/../../../../arm-none-eabi/lib/crt0.o
 .ARM.attributes
                0x00000000       0x14 c:/program files/gnu tools arm embedded/4.7 2012q4/bin/../lib/gcc/arm-none-eabi/4.7.3/../../../../arm-none-eabi/lib/crt0.o
 .data          0x00000000        0x0 obj\Debug\src\interrupts.o
 .bss           0x00000000        0x0 obj\Debug\src\interrupts.o
 .data          0x00000000        0x0 obj\Debug\src\startup.o
 .bss           0x00000000        0x0 obj\Debug\src\startup.o
 .data          0x00000000        0x0 obj\Debug\src\systick.o
 .text          0x00000000        0x0 c:/program files/gnu tools arm embedded/4.7 2012q4/bin/../lib/gcc/arm-none-eabi/4.7.3/../../../../arm-none-eabi/lib\libc_s.a(lib_a-__atexit2.o)
 .data          0x00000000        0x0 c:/program files/gnu tools arm embedded/4.7 2012q4/bin/../lib/gcc/arm-none-eabi/4.7.3/../../../../arm-none-eabi/lib\libc_s.a(lib_a-__atexit2.o)
 .bss           0x00000000        0x0 c:/program files/gnu tools arm embedded/4.7 2012q4/bin/../lib/gcc/arm-none-eabi/4.7.3/../../../../arm-none-eabi/lib\libc_s.a(lib_a-__atexit2.o)
 .text.__register_exitproc
                0x00000000       0x28 c:/program files/gnu tools arm embedded/4.7 2012q4/bin/../lib/gcc/arm-none-eabi/4.7.3/../../../../arm-none-eabi/lib\libc_s.a(lib_a-__atexit2.o)
 .ARM.attributes
                0x00000000       0x30 c:/program files/gnu tools arm embedded/4.7 2012q4/bin/../lib/gcc/arm-none-eabi/4.7.3/../../../../arm-none-eabi/lib\libc_s.a(lib_a-__atexit2.o)
 .debug_frame   0x00000000       0x28 c:/program files/gnu tools arm embedded/4.7 2012q4/bin/../lib/gcc/arm-none-eabi/4.7.3/../../../../arm-none-eabi/lib\libc_s.a(lib_a-__atexit2.o)
 .text          0x00000000        0x0 c:/program files/gnu tools arm embedded/4.7 2012q4/bin/../lib/gcc/arm-none-eabi/4.7.3/../../../../arm-none-eabi/lib\libc_s.a(lib_a-exit.o)
 .data          0x00000000        0x0 c:/program files/gnu tools arm embedded/4.7 2012q4/bin/../lib/gcc/arm-none-eabi/4.7.3/../../../../arm-none-eabi/lib\libc_s.a(lib_a-exit.o)
 .bss           0x00000000        0x0 c:/program files/gnu tools arm embedded/4.7 2012q4/bin/../lib/gcc/arm-none-eabi/4.7.3/../../../../arm-none-eabi/lib\libc_s.a(lib_a-exit.o)
 .text.exit     0x00000000       0x4c c:/program files/gnu tools arm embedded/4.7 2012q4/bin/../lib/gcc/arm-none-eabi/4.7.3/../../../../arm-none-eabi/lib\libc_s.a(lib_a-exit.o)
 .ARM.attributes
                0x00000000       0x30 c:/program files/gnu tools arm embedded/4.7 2012q4/bin/../lib/gcc/arm-none-eabi/4.7.3/../../../../arm-none-eabi/lib\libc_s.a(lib_a-exit.o)
 .debug_frame   0x00000000       0x28 c:/program files/gnu tools arm embedded/4.7 2012q4/bin/../lib/gcc/arm-none-eabi/4.7.3/../../../../arm-none-eabi/lib\libc_s.a(lib_a-exit.o)
 .text          0x00000000        0x0 c:/program files/gnu tools arm embedded/4.7 2012q4/bin/../lib/gcc/arm-none-eabi/4.7.3/../../../../arm-none-eabi/lib\libc_s.a(lib_a-fini.o)
 .data          0x00000000        0x0 c:/program files/gnu tools arm embedded/4.7 2012q4/bin/../lib/gcc/arm-none-eabi/4.7.3/../../../../arm-none-eabi/lib\libc_s.a(lib_a-fini.o)
 .bss           0x00000000        0x0 c:/program files/gnu tools arm embedded/4.7 2012q4/bin/../lib/gcc/arm-none-eabi/4.7.3/../../../../arm-none-eabi/lib\libc_s.a(lib_a-fini.o)
 .text.__libc_fini_array
                0x00000000       0x50 c:/program files/gnu tools arm embedded/4.7 2012q4/bin/../lib/gcc/arm-none-eabi/4.7.3/../../../../arm-none-eabi/lib\libc_s.a(lib_a-fini.o)
 .ARM.attributes
                0x00000000       0x30 c:/program files/gnu tools arm embedded/4.7 2012q4/bin/../lib/gcc/arm-none-eabi/4.7.3/../../../../arm-none-eabi/lib\libc_s.a(lib_a-fini.o)
 .debug_frame   0x00000000       0x2c c:/program files/gnu tools arm embedded/4.7 2012q4/bin/../lib/gcc/arm-none-eabi/4.7.3/../../../../arm-none-eabi/lib\libc_s.a(lib_a-fini.o)
 .text          0x00000000        0x0 c:/program files/gnu tools arm embedded/4.7 2012q4/bin/../lib/gcc/arm-none-eabi/4.7.3/../../../../arm-none-eabi/lib\libc_s.a(lib_a-impure.o)
 .data          0x00000000        0x0 c:/program files/gnu tools arm embedded/4.7 2012q4/bin/../lib/gcc/arm-none-eabi/4.7.3/../../../../arm-none-eabi/lib\libc_s.a(lib_a-impure.o)
 .bss           0x00000000        0x0 c:/program files/gnu tools arm embedded/4.7 2012q4/bin/../lib/gcc/arm-none-eabi/4.7.3/../../../../arm-none-eabi/lib\libc_s.a(lib_a-impure.o)
 .data.impure_data
                0x00000000       0x64 c:/program files/gnu tools arm embedded/4.7 2012q4/bin/../lib/gcc/arm-none-eabi/4.7.3/../../../../arm-none-eabi/lib\libc_s.a(lib_a-impure.o)
 .data._impure_ptr
                0x00000000        0x4 c:/program files/gnu tools arm embedded/4.7 2012q4/bin/../lib/gcc/arm-none-eabi/4.7.3/../../../../arm-none-eabi/lib\libc_s.a(lib_a-impure.o)
 .rodata.str1.1
                0x00000000        0x2 c:/program files/gnu tools arm embedded/4.7 2012q4/bin/../lib/gcc/arm-none-eabi/4.7.3/../../../../arm-none-eabi/lib\libc_s.a(lib_a-impure.o)
 .rodata._global_impure_ptr
                0x00000000        0x4 c:/program files/gnu tools arm embedded/4.7 2012q4/bin/../lib/gcc/arm-none-eabi/4.7.3/../../../../arm-none-eabi/lib\libc_s.a(lib_a-impure.o)
 .ARM.attributes
                0x00000000       0x30 c:/program files/gnu tools arm embedded/4.7 2012q4/bin/../lib/gcc/arm-none-eabi/4.7.3/../../../../arm-none-eabi/lib\libc_s.a(lib_a-impure.o)
 .text          0x00000000        0x0 c:/program files/gnu tools arm embedded/4.7 2012q4/bin/../lib/gcc/arm-none-eabi/4.7.3/../../../../arm-none-eabi/lib\libc_s.a(lib_a-init.o)
 .data          0x00000000        0x0 c:/program files/gnu tools arm embedded/4.7 2012q4/bin/../lib/gcc/arm-none-eabi/4.7.3/../../../../arm-none-eabi/lib\libc_s.a(lib_a-init.o)
 .bss           0x00000000        0x0 c:/program files/gnu tools arm embedded/4.7 2012q4/bin/../lib/gcc/arm-none-eabi/4.7.3/../../../../arm-none-eabi/lib\libc_s.a(lib_a-init.o)
 .text.__libc_init_array
                0x00000000       0x88 c:/program files/gnu tools arm embedded/4.7 2012q4/bin/../lib/gcc/arm-none-eabi/4.7.3/../../../../arm-none-eabi/lib\libc_s.a(lib_a-init.o)
 .ARM.attributes
                0x00000000       0x30 c:/program files/gnu tools arm embedded/4.7 2012q4/bin/../lib/gcc/arm-none-eabi/4.7.3/../../../../arm-none-eabi/lib\libc_s.a(lib_a-init.o)
 .debug_frame   0x00000000       0x2c c:/program files/gnu tools arm embedded/4.7 2012q4/bin/../lib/gcc/arm-none-eabi/4.7.3/../../../../arm-none-eabi/lib\libc_s.a(lib_a-init.o)
 .text          0x00000000        0x0 c:/program files/gnu tools arm embedded/4.7 2012q4/bin/../lib/gcc/arm-none-eabi/4.7.3/../../../../arm-none-eabi/lib\libc_s.a(lib_a-memset.o)
 .data          0x00000000        0x0 c:/program files/gnu tools arm embedded/4.7 2012q4/bin/../lib/gcc/arm-none-eabi/4.7.3/../../../../arm-none-eabi/lib\libc_s.a(lib_a-memset.o)
 .bss           0x00000000        0x0 c:/program files/gnu tools arm embedded/4.7 2012q4/bin/../lib/gcc/arm-none-eabi/4.7.3/../../../../arm-none-eabi/lib\libc_s.a(lib_a-memset.o)
 .text.memset   0x00000000       0x1c c:/program files/gnu tools arm embedded/4.7 2012q4/bin/../lib/gcc/arm-none-eabi/4.7.3/../../../../arm-none-eabi/lib\libc_s.a(lib_a-memset.o)
 .ARM.attributes
                0x00000000       0x30 c:/program files/gnu tools arm embedded/4.7 2012q4/bin/../lib/gcc/arm-none-eabi/4.7.3/../../../../arm-none-eabi/lib\libc_s.a(lib_a-memset.o)
 .debug_frame   0x00000000       0x20 c:/program files/gnu tools arm embedded/4.7 2012q4/bin/../lib/gcc/arm-none-eabi/4.7.3/../../../../arm-none-eabi/lib\libc_s.a(lib_a-memset.o)
 .text          0x00000000        0x0 c:/program files/gnu tools arm embedded/4.7 2012q4/bin/../lib/gcc/arm-none-eabi/4.7.3/crtend.o
 .data          0x00000000        0x0 c:/program files/gnu tools arm embedded/4.7 2012q4/bin/../lib/gcc/arm-none-eabi/4.7.3/crtend.o
 .bss           0x00000000        0x0 c:/program files/gnu tools arm embedded/4.7 2012q4/bin/../lib/gcc/arm-none-eabi/4.7.3/crtend.o
 .eh_frame      0x00000000        0x4 c:/program files/gnu tools arm embedded/4.7 2012q4/bin/../lib/gcc/arm-none-eabi/4.7.3/crtend.o
 .jcr           0x00000000        0x4 c:/program files/gnu tools arm embedded/4.7 2012q4/bin/../lib/gcc/arm-none-eabi/4.7.3/crtend.o
 .ARM.attributes
                0x00000000       0x30 c:/program files/gnu tools arm embedded/4.7 2012q4/bin/../lib/gcc/arm-none-eabi/4.7.3/crtend.o
 .text          0x00000000        0x0 c:/program files/gnu tools arm embedded/4.7 2012q4/bin/../lib/gcc/arm-none-eabi/4.7.3/crtn.o
 .data          0x00000000        0x0 c:/program files/gnu tools arm embedded/4.7 2012q4/bin/../lib/gcc/arm-none-eabi/4.7.3/crtn.o
 .bss           0x00000000        0x0 c:/program files/gnu tools arm embedded/4.7 2012q4/bin/../lib/gcc/arm-none-eabi/4.7.3/crtn.o
 .init          0x00000000        0xc c:/program files/gnu tools arm embedded/4.7 2012q4/bin/../lib/gcc/arm-none-eabi/4.7.3/crtn.o
 .fini          0x00000000        0xc c:/program files/gnu tools arm embedded/4.7 2012q4/bin/../lib/gcc/arm-none-eabi/4.7.3/crtn.o
 .ARM.attributes
                0x00000000       0x18 c:/program files/gnu tools arm embedded/4.7 2012q4/bin/../lib/gcc/arm-none-eabi/4.7.3/crtn.o

Memory Configuration

Name             Origin             Length             Attributes
INTERRUPTS       0x00000000         0x000000c0         xr
FLASHCONFIG      0x00000400         0x00000010         xr
TEXT             0x00000410         0x0001fbf0         xr
RAM              0x1ffff000         0x00004000         xrw
*default*        0x00000000         0xffffffff

Linker script and memory map

LOAD c:/program files/gnu tools arm embedded/4.7 2012q4/bin/../lib/gcc/arm-none-eabi/4.7.3/crti.o
LOAD c:/program files/gnu tools arm embedded/4.7 2012q4/bin/../lib/gcc/arm-none-eabi/4.7.3/crtbegin.o
LOAD c:/program files/gnu tools arm embedded/4.7 2012q4/bin/../lib/gcc/arm-none-eabi/4.7.3/../../../../arm-none-eabi/lib/crt0.o
LOAD obj\Debug\src\interrupts.o
LOAD obj\Debug\src\main.o
LOAD obj\Debug\src\startup.o
LOAD obj\Debug\src\systick.o

.interrupts     0x00000000       0xc0
 *(.isr_vector .isr_vector.*)
 .isr_vector    0x00000000       0xc0 obj\Debug\src\startup.o
                0x00000000                g_pfnVectors

.flashconfig    0x00000400       0x10
 *(.flashconfig .flashconfig.*)
 .flashconfig   0x00000400       0x10 obj\Debug\src\startup.o
                0x00000400                flashConfig

.text           0x00000410      0x4a0
 *(.text .text.* .gnu.linkonce.t.*)
 .text          0x00000410       0xc4 obj\Debug\src\interrupts.o
                0x00000450                ResetHandler
                0x000004c0                SysTickIntHandler
                0x000004cc                DefaultIntHandler
 .text          0x000004d4      0x34c obj\Debug\src\main.o
                0x000004d4                delay_ms
                0x000004fc                main_init_io
                0x0000054c                ssd1306_command
                0x00000584                ssd1306_data
                0x000005bc                main_init_oled
                0x000007d0                main_led
                0x00000800                main_oled
                0x00000808                main
 .text          0x00000820       0x64 obj\Debug\src\startup.o
                0x00000820                StartupInitClock
 .text          0x00000884       0x2c obj\Debug\src\systick.o
                0x00000884                systick_update
                0x0000089c                systick_getMs
 *(.glue_7t)
 .glue_7t       0x00000000        0x0 linker stubs
 *(.glue_7)
 .glue_7        0x00000000        0x0 linker stubs
 *(.rodata .rodata* .gnu.linkonce.r.*)

.vfp11_veneer   0x000008b0        0x0
 .vfp11_veneer  0x00000000        0x0 linker stubs

.v4_bx          0x000008b0        0x0
 .v4_bx         0x00000000        0x0 linker stubs

.iplt           0x000008b0        0x0
 .iplt          0x00000000        0x0 c:/program files/gnu tools arm embedded/4.7 2012q4/bin/../lib/gcc/arm-none-eabi/4.7.3/crtbegin.o

.rel.dyn        0x000008b0        0x0
 .rel.iplt      0x00000000        0x0 c:/program files/gnu tools arm embedded/4.7 2012q4/bin/../lib/gcc/arm-none-eabi/4.7.3/crtbegin.o

.ARM.extab
 *(.ARM.extab* .gnu.linkonce.armextab.*)

.ARM.exidx
 *(.ARM.exidx* .gnu.linkonce.armexidx.*)
                0x000008b0                . = ALIGN (0x4)
                0x000008b0                _etext = .
                0x000008b0                _sidata = .

.data           0x1ffff000      0x400 load address 0x000008b0
                0x1ffff000                _sdata = .
 *(.data .data.*)
 .data          0x1ffff000      0x400 obj\Debug\src\main.o
                0x1ffff000                buffer
                0x1ffff400                . = ALIGN (0x4)
                0x1ffff400                _edata = .

.igot.plt       0x1ffff400        0x0 load address 0x00000cb0
 .igot.plt      0x00000000        0x0 c:/program files/gnu tools arm embedded/4.7 2012q4/bin/../lib/gcc/arm-none-eabi/4.7.3/crtbegin.o

.bss            0x1ffff400        0x8 load address 0x00000cb0
                0x1ffff400                _sbss = .
 *(.bss .bss.*)
 .bss           0x1ffff400        0x4 obj\Debug\src\main.o
 .bss           0x1ffff404        0x4 obj\Debug\src\systick.o
                0x1ffff404                systick_ms
 *(COMMON)
                0x1ffff408                . = ALIGN (0x4)
                0x1ffff408                _ebss = .

.co_stack       0x1ffff408      0x400 load address 0x00000cb8
                0x1ffff408                . = ALIGN (0x8)
 *(.co_stack .co_stack.*)
 .co_stack      0x1ffff408      0x400 obj\Debug\src\startup.o
                0x1ffff408                pulStack
                0x1ffff808                . = ALIGN (0x4)
                0x1ffff808                _end = .
START GROUP
LOAD c:/program files/gnu tools arm embedded/4.7 2012q4/bin/../lib/gcc/arm-none-eabi/4.7.3\libgcc.a
LOAD c:/program files/gnu tools arm embedded/4.7 2012q4/bin/../lib/gcc/arm-none-eabi/4.7.3/../../../../arm-none-eabi/lib\libc_s.a
END GROUP
LOAD c:/program files/gnu tools arm embedded/4.7 2012q4/bin/../lib/gcc/arm-none-eabi/4.7.3/crtend.o
LOAD c:/program files/gnu tools arm embedded/4.7 2012q4/bin/../lib/gcc/arm-none-eabi/4.7.3/crtn.o
OUTPUT(bin\Debug\kl24.elf elf32-littlearm)

.debug_info     0x00000000      0xce2
 .debug_info    0x00000000      0x19f obj\Debug\src\interrupts.o
 .debug_info    0x0000019f      0x5aa obj\Debug\src\main.o
 .debug_info    0x00000749      0x4e4 obj\Debug\src\startup.o
 .debug_info    0x00000c2d       0xb5 obj\Debug\src\systick.o

.debug_abbrev   0x00000000      0x3b8
 .debug_abbrev  0x00000000      0x10a obj\Debug\src\interrupts.o
 .debug_abbrev  0x0000010a      0x156 obj\Debug\src\main.o
 .debug_abbrev  0x00000260       0xe0 obj\Debug\src\startup.o
 .debug_abbrev  0x00000340       0x78 obj\Debug\src\systick.o

.debug_loc      0x00000000      0x2dc
 .debug_loc     0x00000000       0xc8 obj\Debug\src\interrupts.o
 .debug_loc     0x000000c8      0x190 obj\Debug\src\main.o
 .debug_loc     0x00000258       0x2c obj\Debug\src\startup.o
 .debug_loc     0x00000284       0x58 obj\Debug\src\systick.o

.debug_aranges  0x00000000       0x80
 .debug_aranges
                0x00000000       0x20 obj\Debug\src\interrupts.o
 .debug_aranges
                0x00000020       0x20 obj\Debug\src\main.o
 .debug_aranges
                0x00000040       0x20 obj\Debug\src\startup.o
 .debug_aranges
                0x00000060       0x20 obj\Debug\src\systick.o

.debug_line     0x00000000      0x514
 .debug_line    0x00000000      0x13a obj\Debug\src\interrupts.o
 .debug_line    0x0000013a      0x1b2 obj\Debug\src\main.o
 .debug_line    0x000002ec      0x11c obj\Debug\src\startup.o
 .debug_line    0x00000408      0x10c obj\Debug\src\systick.o

.debug_str      0x00000000      0x4ef
 .debug_str     0x00000000      0x18d obj\Debug\src\interrupts.o
                                0x1c1 (size before relaxing)
 .debug_str     0x0000018d      0x23a obj\Debug\src\main.o
                                0x310 (size before relaxing)
 .debug_str     0x000003c7       0xac obj\Debug\src\startup.o
                                0x2a5 (size before relaxing)
 .debug_str     0x00000473       0x7c obj\Debug\src\systick.o
                                0x152 (size before relaxing)

.comment        0x00000000       0x70
 .comment       0x00000000       0x70 obj\Debug\src\interrupts.o
                                 0x71 (size before relaxing)
 .comment       0x00000000       0x71 obj\Debug\src\main.o
 .comment       0x00000000       0x71 obj\Debug\src\startup.o
 .comment       0x00000000       0x71 obj\Debug\src\systick.o

.ARM.attributes
                0x00000000       0x2d
 .ARM.attributes
                0x00000000       0x32 obj\Debug\src\interrupts.o
 .ARM.attributes
                0x00000032       0x32 obj\Debug\src\main.o
 .ARM.attributes
                0x00000064       0x32 obj\Debug\src\startup.o
 .ARM.attributes
                0x00000096       0x32 obj\Debug\src\systick.o

.debug_frame    0x00000000      0x1fc
 .debug_frame   0x00000000       0x88 obj\Debug\src\interrupts.o
 .debug_frame   0x00000088      0x100 obj\Debug\src\main.o
 .debug_frame   0x00000188       0x2c obj\Debug\src\startup.o
 .debug_frame   0x000001b4       0x48 obj\Debug\src\systick.o
