Archive member included because of file (symbol)

c:/program files/gnu tools arm embedded/4.7 2012q4/bin/../lib/gcc/arm-none-eabi/4.7.3/../../../../arm-none-eabi/lib\libc_s.a(lib_a-__atexit2.o)
                              c:/program files/gnu tools arm embedded/4.7 2012q4/bin/../lib/gcc/arm-none-eabi/4.7.3/../../../../arm-none-eabi/lib/crt0.o (__register_exitproc)
c:/program files/gnu tools arm embedded/4.7 2012q4/bin/../lib/gcc/arm-none-eabi/4.7.3/../../../../arm-none-eabi/lib\libc_s.a(lib_a-exit.o)
                              c:/program files/gnu tools arm embedded/4.7 2012q4/bin/../lib/gcc/arm-none-eabi/4.7.3/../../../../arm-none-eabi/lib/crt0.o (exit)
c:/program files/gnu tools arm embedded/4.7 2012q4/bin/../lib/gcc/arm-none-eabi/4.7.3/../../../../arm-none-eabi/lib\libc_s.a(lib_a-fini.o)
                              c:/program files/gnu tools arm embedded/4.7 2012q4/bin/../lib/gcc/arm-none-eabi/4.7.3/../../../../arm-none-eabi/lib/crt0.o (__libc_fini_array)
c:/program files/gnu tools arm embedded/4.7 2012q4/bin/../lib/gcc/arm-none-eabi/4.7.3/../../../../arm-none-eabi/lib\libc_s.a(lib_a-impure.o)
                              c:/program files/gnu tools arm embedded/4.7 2012q4/bin/../lib/gcc/arm-none-eabi/4.7.3/../../../../arm-none-eabi/lib\libc_s.a(lib_a-exit.o) (_global_impure_ptr)
c:/program files/gnu tools arm embedded/4.7 2012q4/bin/../lib/gcc/arm-none-eabi/4.7.3/../../../../arm-none-eabi/lib\libc_s.a(lib_a-init.o)
                              c:/program files/gnu tools arm embedded/4.7 2012q4/bin/../lib/gcc/arm-none-eabi/4.7.3/../../../../arm-none-eabi/lib/crt0.o (__libc_init_array)
c:/program files/gnu tools arm embedded/4.7 2012q4/bin/../lib/gcc/arm-none-eabi/4.7.3/../../../../arm-none-eabi/lib\libc_s.a(lib_a-memset.o)
                              c:/program files/gnu tools arm embedded/4.7 2012q4/bin/../lib/gcc/arm-none-eabi/4.7.3/../../../../arm-none-eabi/lib/crt0.o (memset)

Discarded input sections

 .text          0x00000000        0x0 c:/program files/gnu tools arm embedded/4.7 2012q4/bin/../lib/gcc/arm-none-eabi/4.7.3/crti.o
 .data          0x00000000        0x0 c:/program files/gnu tools arm embedded/4.7 2012q4/bin/../lib/gcc/arm-none-eabi/4.7.3/crti.o
 .bss           0x00000000        0x0 c:/program files/gnu tools arm embedded/4.7 2012q4/bin/../lib/gcc/arm-none-eabi/4.7.3/crti.o
 .init          0x00000000        0xc c:/program files/gnu tools arm embedded/4.7 2012q4/bin/../lib/gcc/arm-none-eabi/4.7.3/crti.o
 .fini          0x00000000        0xc c:/program files/gnu tools arm embedded/4.7 2012q4/bin/../lib/gcc/arm-none-eabi/4.7.3/crti.o
 .ARM.attributes
                0x00000000       0x16 c:/program files/gnu tools arm embedded/4.7 2012q4/bin/../lib/gcc/arm-none-eabi/4.7.3/crti.o
 .text          0x00000000       0x94 c:/program files/gnu tools arm embedded/4.7 2012q4/bin/../lib/gcc/arm-none-eabi/4.7.3/crtbegin.o
 .data          0x00000000        0x4 c:/program files/gnu tools arm embedded/4.7 2012q4/bin/../lib/gcc/arm-none-eabi/4.7.3/crtbegin.o
 .bss           0x00000000       0x1c c:/program files/gnu tools arm embedded/4.7 2012q4/bin/../lib/gcc/arm-none-eabi/4.7.3/crtbegin.o
 .init_array    0x00000000        0x4 c:/program files/gnu tools arm embedded/4.7 2012q4/bin/../lib/gcc/arm-none-eabi/4.7.3/crtbegin.o
 .fini_array    0x00000000        0x4 c:/program files/gnu tools arm embedded/4.7 2012q4/bin/../lib/gcc/arm-none-eabi/4.7.3/crtbegin.o
 .eh_frame      0x00000000        0x0 c:/program files/gnu tools arm embedded/4.7 2012q4/bin/../lib/gcc/arm-none-eabi/4.7.3/crtbegin.o
 .jcr           0x00000000        0x0 c:/program files/gnu tools arm embedded/4.7 2012q4/bin/../lib/gcc/arm-none-eabi/4.7.3/crtbegin.o
 .ARM.attributes
                0x00000000       0x30 c:/program files/gnu tools arm embedded/4.7 2012q4/bin/../lib/gcc/arm-none-eabi/4.7.3/crtbegin.o
 .text          0x00000000      0x110 c:/program files/gnu tools arm embedded/4.7 2012q4/bin/../lib/gcc/arm-none-eabi/4.7.3/../../../../arm-none-eabi/lib/crt0.o
 .data          0x00000000        0x0 c:/program files/gnu tools arm embedded/4.7 2012q4/bin/../lib/gcc/arm-none-eabi/4.7.3/../../../../arm-none-eabi/lib/crt0.o
 .bss           0x00000000        0x0 c:/program files/gnu tools arm embedded/4.7 2012q4/bin/../lib/gcc/arm-none-eabi/4.7.3/../../../../arm-none-eabi/lib/crt0.o
 .ARM.extab     0x00000000        0x0 c:/program files/gnu tools arm embedded/4.7 2012q4/bin/../lib/gcc/arm-none-eabi/4.7.3/../../../../arm-none-eabi/lib/crt0.o
 .ARM.exidx     0x00000000        0x8 c:/program files/gnu tools arm embedded/4.7 2012q4/bin/../lib/gcc/arm-none-eabi/4.7.3/../../../../arm-none-eabi/lib/crt0.o
 .ARM.attributes
                0x00000000       0x14 c:/program files/gnu tools arm embedded/4.7 2012q4/bin/../lib/gcc/arm-none-eabi/4.7.3/../../../../arm-none-eabi/lib/crt0.o
 .data          0x00000000        0x0 obj\Debug\main.o
 .bss           0x00000000        0x0 obj\Debug\main.o
 .data          0x00000000        0x0 obj\Debug\startup.o
 .bss           0x00000000        0x0 obj\Debug\startup.o
 .text          0x00000000        0x0 c:/program files/gnu tools arm embedded/4.7 2012q4/bin/../lib/gcc/arm-none-eabi/4.7.3/../../../../arm-none-eabi/lib\libc_s.a(lib_a-__atexit2.o)
 .data          0x00000000        0x0 c:/program files/gnu tools arm embedded/4.7 2012q4/bin/../lib/gcc/arm-none-eabi/4.7.3/../../../../arm-none-eabi/lib\libc_s.a(lib_a-__atexit2.o)
 .bss           0x00000000        0x0 c:/program files/gnu tools arm embedded/4.7 2012q4/bin/../lib/gcc/arm-none-eabi/4.7.3/../../../../arm-none-eabi/lib\libc_s.a(lib_a-__atexit2.o)
 .text.__register_exitproc
                0x00000000       0x28 c:/program files/gnu tools arm embedded/4.7 2012q4/bin/../lib/gcc/arm-none-eabi/4.7.3/../../../../arm-none-eabi/lib\libc_s.a(lib_a-__atexit2.o)
 .ARM.attributes
                0x00000000       0x30 c:/program files/gnu tools arm embedded/4.7 2012q4/bin/../lib/gcc/arm-none-eabi/4.7.3/../../../../arm-none-eabi/lib\libc_s.a(lib_a-__atexit2.o)
 .debug_frame   0x00000000       0x28 c:/program files/gnu tools arm embedded/4.7 2012q4/bin/../lib/gcc/arm-none-eabi/4.7.3/../../../../arm-none-eabi/lib\libc_s.a(lib_a-__atexit2.o)
 .text          0x00000000        0x0 c:/program files/gnu tools arm embedded/4.7 2012q4/bin/../lib/gcc/arm-none-eabi/4.7.3/../../../../arm-none-eabi/lib\libc_s.a(lib_a-exit.o)
 .data          0x00000000        0x0 c:/program files/gnu tools arm embedded/4.7 2012q4/bin/../lib/gcc/arm-none-eabi/4.7.3/../../../../arm-none-eabi/lib\libc_s.a(lib_a-exit.o)
 .bss           0x00000000        0x0 c:/program files/gnu tools arm embedded/4.7 2012q4/bin/../lib/gcc/arm-none-eabi/4.7.3/../../../../arm-none-eabi/lib\libc_s.a(lib_a-exit.o)
 .text.exit     0x00000000       0x4c c:/program files/gnu tools arm embedded/4.7 2012q4/bin/../lib/gcc/arm-none-eabi/4.7.3/../../../../arm-none-eabi/lib\libc_s.a(lib_a-exit.o)
 .ARM.attributes
                0x00000000       0x30 c:/program files/gnu tools arm embedded/4.7 2012q4/bin/../lib/gcc/arm-none-eabi/4.7.3/../../../../arm-none-eabi/lib\libc_s.a(lib_a-exit.o)
 .debug_frame   0x00000000       0x28 c:/program files/gnu tools arm embedded/4.7 2012q4/bin/../lib/gcc/arm-none-eabi/4.7.3/../../../../arm-none-eabi/lib\libc_s.a(lib_a-exit.o)
 .text          0x00000000        0x0 c:/program files/gnu tools arm embedded/4.7 2012q4/bin/../lib/gcc/arm-none-eabi/4.7.3/../../../../arm-none-eabi/lib\libc_s.a(lib_a-fini.o)
 .data          0x00000000        0x0 c:/program files/gnu tools arm embedded/4.7 2012q4/bin/../lib/gcc/arm-none-eabi/4.7.3/../../../../arm-none-eabi/lib\libc_s.a(lib_a-fini.o)
 .bss           0x00000000        0x0 c:/program files/gnu tools arm embedded/4.7 2012q4/bin/../lib/gcc/arm-none-eabi/4.7.3/../../../../arm-none-eabi/lib\libc_s.a(lib_a-fini.o)
 .text.__libc_fini_array
                0x00000000       0x50 c:/program files/gnu tools arm embedded/4.7 2012q4/bin/../lib/gcc/arm-none-eabi/4.7.3/../../../../arm-none-eabi/lib\libc_s.a(lib_a-fini.o)
 .ARM.attributes
                0x00000000       0x30 c:/program files/gnu tools arm embedded/4.7 2012q4/bin/../lib/gcc/arm-none-eabi/4.7.3/../../../../arm-none-eabi/lib\libc_s.a(lib_a-fini.o)
 .debug_frame   0x00000000       0x2c c:/program files/gnu tools arm embedded/4.7 2012q4/bin/../lib/gcc/arm-none-eabi/4.7.3/../../../../arm-none-eabi/lib\libc_s.a(lib_a-fini.o)
 .text          0x00000000        0x0 c:/program files/gnu tools arm embedded/4.7 2012q4/bin/../lib/gcc/arm-none-eabi/4.7.3/../../../../arm-none-eabi/lib\libc_s.a(lib_a-impure.o)
 .data          0x00000000        0x0 c:/program files/gnu tools arm embedded/4.7 2012q4/bin/../lib/gcc/arm-none-eabi/4.7.3/../../../../arm-none-eabi/lib\libc_s.a(lib_a-impure.o)
 .bss           0x00000000        0x0 c:/program files/gnu tools arm embedded/4.7 2012q4/bin/../lib/gcc/arm-none-eabi/4.7.3/../../../../arm-none-eabi/lib\libc_s.a(lib_a-impure.o)
 .data.impure_data
                0x00000000       0x64 c:/program files/gnu tools arm embedded/4.7 2012q4/bin/../lib/gcc/arm-none-eabi/4.7.3/../../../../arm-none-eabi/lib\libc_s.a(lib_a-impure.o)
 .data._impure_ptr
                0x00000000        0x4 c:/program files/gnu tools arm embedded/4.7 2012q4/bin/../lib/gcc/arm-none-eabi/4.7.3/../../../../arm-none-eabi/lib\libc_s.a(lib_a-impure.o)
 .rodata.str1.1
                0x00000000        0x2 c:/program files/gnu tools arm embedded/4.7 2012q4/bin/../lib/gcc/arm-none-eabi/4.7.3/../../../../arm-none-eabi/lib\libc_s.a(lib_a-impure.o)
 .rodata._global_impure_ptr
                0x00000000        0x4 c:/program files/gnu tools arm embedded/4.7 2012q4/bin/../lib/gcc/arm-none-eabi/4.7.3/../../../../arm-none-eabi/lib\libc_s.a(lib_a-impure.o)
 .ARM.attributes
                0x00000000       0x30 c:/program files/gnu tools arm embedded/4.7 2012q4/bin/../lib/gcc/arm-none-eabi/4.7.3/../../../../arm-none-eabi/lib\libc_s.a(lib_a-impure.o)
 .text          0x00000000        0x0 c:/program files/gnu tools arm embedded/4.7 2012q4/bin/../lib/gcc/arm-none-eabi/4.7.3/../../../../arm-none-eabi/lib\libc_s.a(lib_a-init.o)
 .data          0x00000000        0x0 c:/program files/gnu tools arm embedded/4.7 2012q4/bin/../lib/gcc/arm-none-eabi/4.7.3/../../../../arm-none-eabi/lib\libc_s.a(lib_a-init.o)
 .bss           0x00000000        0x0 c:/program files/gnu tools arm embedded/4.7 2012q4/bin/../lib/gcc/arm-none-eabi/4.7.3/../../../../arm-none-eabi/lib\libc_s.a(lib_a-init.o)
 .text.__libc_init_array
                0x00000000       0x88 c:/program files/gnu tools arm embedded/4.7 2012q4/bin/../lib/gcc/arm-none-eabi/4.7.3/../../../../arm-none-eabi/lib\libc_s.a(lib_a-init.o)
 .ARM.attributes
                0x00000000       0x30 c:/program files/gnu tools arm embedded/4.7 2012q4/bin/../lib/gcc/arm-none-eabi/4.7.3/../../../../arm-none-eabi/lib\libc_s.a(lib_a-init.o)
 .debug_frame   0x00000000       0x2c c:/program files/gnu tools arm embedded/4.7 2012q4/bin/../lib/gcc/arm-none-eabi/4.7.3/../../../../arm-none-eabi/lib\libc_s.a(lib_a-init.o)
 .text          0x00000000        0x0 c:/program files/gnu tools arm embedded/4.7 2012q4/bin/../lib/gcc/arm-none-eabi/4.7.3/../../../../arm-none-eabi/lib\libc_s.a(lib_a-memset.o)
 .data          0x00000000        0x0 c:/program files/gnu tools arm embedded/4.7 2012q4/bin/../lib/gcc/arm-none-eabi/4.7.3/../../../../arm-none-eabi/lib\libc_s.a(lib_a-memset.o)
 .bss           0x00000000        0x0 c:/program files/gnu tools arm embedded/4.7 2012q4/bin/../lib/gcc/arm-none-eabi/4.7.3/../../../../arm-none-eabi/lib\libc_s.a(lib_a-memset.o)
 .text.memset   0x00000000       0x1c c:/program files/gnu tools arm embedded/4.7 2012q4/bin/../lib/gcc/arm-none-eabi/4.7.3/../../../../arm-none-eabi/lib\libc_s.a(lib_a-memset.o)
 .ARM.attributes
                0x00000000       0x30 c:/program files/gnu tools arm embedded/4.7 2012q4/bin/../lib/gcc/arm-none-eabi/4.7.3/../../../../arm-none-eabi/lib\libc_s.a(lib_a-memset.o)
 .debug_frame   0x00000000       0x20 c:/program files/gnu tools arm embedded/4.7 2012q4/bin/../lib/gcc/arm-none-eabi/4.7.3/../../../../arm-none-eabi/lib\libc_s.a(lib_a-memset.o)
 .text          0x00000000        0x0 c:/program files/gnu tools arm embedded/4.7 2012q4/bin/../lib/gcc/arm-none-eabi/4.7.3/crtend.o
 .data          0x00000000        0x0 c:/program files/gnu tools arm embedded/4.7 2012q4/bin/../lib/gcc/arm-none-eabi/4.7.3/crtend.o
 .bss           0x00000000        0x0 c:/program files/gnu tools arm embedded/4.7 2012q4/bin/../lib/gcc/arm-none-eabi/4.7.3/crtend.o
 .eh_frame      0x00000000        0x4 c:/program files/gnu tools arm embedded/4.7 2012q4/bin/../lib/gcc/arm-none-eabi/4.7.3/crtend.o
 .jcr           0x00000000        0x4 c:/program files/gnu tools arm embedded/4.7 2012q4/bin/../lib/gcc/arm-none-eabi/4.7.3/crtend.o
 .ARM.attributes
                0x00000000       0x30 c:/program files/gnu tools arm embedded/4.7 2012q4/bin/../lib/gcc/arm-none-eabi/4.7.3/crtend.o
 .text          0x00000000        0x0 c:/program files/gnu tools arm embedded/4.7 2012q4/bin/../lib/gcc/arm-none-eabi/4.7.3/crtn.o
 .data          0x00000000        0x0 c:/program files/gnu tools arm embedded/4.7 2012q4/bin/../lib/gcc/arm-none-eabi/4.7.3/crtn.o
 .bss           0x00000000        0x0 c:/program files/gnu tools arm embedded/4.7 2012q4/bin/../lib/gcc/arm-none-eabi/4.7.3/crtn.o
 .init          0x00000000        0xc c:/program files/gnu tools arm embedded/4.7 2012q4/bin/../lib/gcc/arm-none-eabi/4.7.3/crtn.o
 .fini          0x00000000        0xc c:/program files/gnu tools arm embedded/4.7 2012q4/bin/../lib/gcc/arm-none-eabi/4.7.3/crtn.o
 .ARM.attributes
                0x00000000       0x18 c:/program files/gnu tools arm embedded/4.7 2012q4/bin/../lib/gcc/arm-none-eabi/4.7.3/crtn.o

Memory Configuration

Name             Origin             Length             Attributes
INTERRUPTS       0x00000000         0x000000c0         xr
FLASHCONFIG      0x00000400         0x00000010         xr
TEXT             0x00000410         0x0001fbf0         xr
RAM              0x1ffff000         0x00004000         xrw
*default*        0x00000000         0xffffffff

Linker script and memory map

LOAD c:/program files/gnu tools arm embedded/4.7 2012q4/bin/../lib/gcc/arm-none-eabi/4.7.3/crti.o
LOAD c:/program files/gnu tools arm embedded/4.7 2012q4/bin/../lib/gcc/arm-none-eabi/4.7.3/crtbegin.o
LOAD c:/program files/gnu tools arm embedded/4.7 2012q4/bin/../lib/gcc/arm-none-eabi/4.7.3/../../../../arm-none-eabi/lib/crt0.o
LOAD obj\Debug\main.o
LOAD obj\Debug\startup.o

.interrupts     0x00000000       0xc0
 *(.isr_vector .isr_vector.*)
 .isr_vector    0x00000000       0xc0 obj\Debug\startup.o
                0x00000000                g_pfnVectors

.flashconfig    0x00000400       0x10
 *(.flashconfig .flashconfig.*)
 .flashconfig   0x00000400       0x10 obj\Debug\startup.o
                0x00000400                flashConfig

.text           0x00000410      0x138
 *(.text .text.* .gnu.linkonce.t.*)
 .text          0x00000410       0xa0 obj\Debug\main.o
                0x00000410                delay
                0x00000434                toggle_heartbeat_led
                0x00000448                main
 .text          0x000004b0       0x98 obj\Debug\startup.o
                0x000004b0                StartupInitClock
                0x000004dc                FTM1IntHandler
                0x000004dc                USBOTGIntHandler
                0x000004dc                UART0SEIntHandler
                0x000004dc                UART2SEIntHandler
                0x000004dc                FTM2IntHandler
                0x000004dc                I2C1IntHandler
                0x000004dc                PORTDIntHandler
                0x000004dc                Default_ResetHandler
                0x000004dc                DMA1IntHandler
                0x000004dc                DACIntHandler
                0x000004dc                ACMPIntHandler
                0x000004dc                ResetHandler
                0x000004dc                LVDIntHandler
                0x000004dc                PORTAIntHandler
                0x000004dc                SPI1IntHandler
                0x000004dc                DMA3IntHandler
                0x000004dc                PITIntHandler
                0x000004dc                FTFAIntHandler
                0x000004dc                LPTMRIntHandler
                0x000004dc                DMA2IntHandler
                0x000004dc                TSIIntHandler
                0x000004dc                UART1SEIntHandler
                0x000004dc                ADCIntHandler
                0x000004dc                DMA0IntHandler
                0x000004dc                RTCSIntHandler
                0x000004dc                I2C0IntHandler
                0x000004dc                SPI0IntHandler
                0x000004dc                RTCAIntHandler
                0x000004dc                FTM0IntHandler
                0x000004dc                LLWUIntHandler
                0x000004dc                MCGIntHandler
                0x00000540                MemManageIntHandler
                0x00000540                SVCIntHandler
                0x00000540                UsageFaultIntHandler
                0x00000540                NMIIntHandler
                0x00000540                SysTickIntHandler
                0x00000540                DebugMonIntHandler
                0x00000540                PendSVIntHandler
                0x00000540                HardFaultIntHandler
                0x00000540                BusFaultIntHandler
 *(.glue_7t)
 .glue_7t       0x00000000        0x0 linker stubs
 *(.glue_7)
 .glue_7        0x00000000        0x0 linker stubs
 *(.rodata .rodata* .gnu.linkonce.r.*)

.vfp11_veneer   0x00000548        0x0
 .vfp11_veneer  0x00000000        0x0 linker stubs

.v4_bx          0x00000548        0x0
 .v4_bx         0x00000000        0x0 linker stubs

.iplt           0x00000548        0x0
 .iplt          0x00000000        0x0 c:/program files/gnu tools arm embedded/4.7 2012q4/bin/../lib/gcc/arm-none-eabi/4.7.3/crtbegin.o

.rel.dyn        0x00000548        0x0
 .rel.iplt      0x00000000        0x0 c:/program files/gnu tools arm embedded/4.7 2012q4/bin/../lib/gcc/arm-none-eabi/4.7.3/crtbegin.o

.ARM.extab
 *(.ARM.extab* .gnu.linkonce.armextab.*)

.ARM.exidx
 *(.ARM.exidx* .gnu.linkonce.armexidx.*)
                0x00000548                . = ALIGN (0x4)
                0x00000548                _etext = .
                0x00000548                _sidata = .

.data           0x1ffff000        0x0 load address 0x00000548
                0x1ffff000                _sdata = .
 *(.data .data.*)
                0x1ffff000                . = ALIGN (0x4)
                0x1ffff000                _edata = .

.igot.plt       0x1ffff000        0x0
 .igot.plt      0x00000000        0x0 c:/program files/gnu tools arm embedded/4.7 2012q4/bin/../lib/gcc/arm-none-eabi/4.7.3/crtbegin.o

.bss            0x1ffff000        0x0
                0x1ffff000                _sbss = .
 *(.bss .bss.*)
 *(COMMON)
                0x1ffff000                . = ALIGN (0x4)
                0x1ffff000                _ebss = .

.co_stack       0x1ffff000      0x400
                0x1ffff000                . = ALIGN (0x8)
 *(.co_stack .co_stack.*)
 .co_stack      0x1ffff000      0x400 obj\Debug\startup.o
                0x1ffff000                pulStack
                0x1ffff400                . = ALIGN (0x4)
                0x1ffff400                _end = .
START GROUP
LOAD c:/program files/gnu tools arm embedded/4.7 2012q4/bin/../lib/gcc/arm-none-eabi/4.7.3\libgcc.a
LOAD c:/program files/gnu tools arm embedded/4.7 2012q4/bin/../lib/gcc/arm-none-eabi/4.7.3/../../../../arm-none-eabi/lib\libc_s.a
END GROUP
LOAD c:/program files/gnu tools arm embedded/4.7 2012q4/bin/../lib/gcc/arm-none-eabi/4.7.3/crtend.o
LOAD c:/program files/gnu tools arm embedded/4.7 2012q4/bin/../lib/gcc/arm-none-eabi/4.7.3/crtn.o
OUTPUT(bin\Debug\kl24.elf elf32-littlearm)

.debug_info     0x00000000      0x6f5
 .debug_info    0x00000000      0x422 obj\Debug\main.o
 .debug_info    0x00000422      0x2d3 obj\Debug\startup.o

.debug_abbrev   0x00000000      0x22d
 .debug_abbrev  0x00000000      0x113 obj\Debug\main.o
 .debug_abbrev  0x00000113      0x11a obj\Debug\startup.o

.debug_loc      0x00000000      0x138
 .debug_loc     0x00000000       0x9c obj\Debug\main.o
 .debug_loc     0x0000009c       0x9c obj\Debug\startup.o

.debug_aranges  0x00000000       0x40
 .debug_aranges
                0x00000000       0x20 obj\Debug\main.o
 .debug_aranges
                0x00000020       0x20 obj\Debug\startup.o

.debug_line     0x00000000      0x277
 .debug_line    0x00000000      0x141 obj\Debug\main.o
 .debug_line    0x00000141      0x136 obj\Debug\startup.o

.debug_str      0x00000000      0x37d
 .debug_str     0x00000000      0x276 obj\Debug\main.o
                                0x2aa (size before relaxing)
 .debug_str     0x00000276      0x107 obj\Debug\startup.o
                                0x204 (size before relaxing)

.comment        0x00000000       0x70
 .comment       0x00000000       0x70 obj\Debug\main.o
                                 0x71 (size before relaxing)
 .comment       0x00000000       0x71 obj\Debug\startup.o

.ARM.attributes
                0x00000000       0x2d
 .ARM.attributes
                0x00000000       0x32 obj\Debug\main.o
 .ARM.attributes
                0x00000032       0x32 obj\Debug\startup.o

.debug_frame    0x00000000       0xd8
 .debug_frame   0x00000000       0x6c obj\Debug\main.o
 .debug_frame   0x0000006c       0x6c obj\Debug\startup.o
